21:08:38 INFO  Starting MsMarcasApplication using Java 21.0.9 with PID 20920 (C:\Users\ariel\Desktop\ms-ferreteria\ms_marcas\target\classes started by ariel in C:\Users\ariel\Desktop\ms-ferreteria\ms_marcas)
21:08:38 INFO  The following 1 profile is active: "dev"
21:08:46 INFO  Bootstrapping Spring Data JPA repositories in DEFAULT mode.
21:08:46 INFO  Finished Spring Data repository scanning in 162 ms. Found 1 JPA repository interface.
21:08:51 INFO  Tomcat initialized with port 8086 (http)
21:08:51 INFO  Starting service [Tomcat]
21:08:51 INFO  Starting Servlet engine: [Apache Tomcat/11.0.21]
21:08:51 INFO  Root WebApplicationContext: initialization completed in 12935 ms
21:08:53 INFO  HHH008540: Processing PersistenceUnitInfo [name: default]
21:08:53 INFO  HHH000001: Hibernate ORM core version 7.2.12.Final
21:09:00 INFO  No LoadTimeWeaver setup: ignoring JPA class transformer
21:09:00 INFO  HikariPool-1 - Starting...
21:09:01 INFO  HikariPool-1 - Added connection com.mysql.cj.jdbc.ConnectionImpl@7f8f5d37
21:09:01 INFO  HikariPool-1 - Start completed.
21:09:01 WARN  HHH000511: The 5.5.5 version for [org.hibernate.dialect.MySQLDialect] is no longer supported, hence certain features may not work properly.The minimum supported version is 8.0.0. Check the community dialects project for available legacy versions.
21:09:01 INFO  HHH10001005: Database info:
	Database JDBC URL [jdbc:mysql://localhost:3306/ferrefixmarcas?createDatabaseIfNotExist=true]
	Database driver: MySQL Connector/J
	Database dialect: MySQLDialect
	Database version: 5.5.5
	Default catalog/schema: ferrefixmarcas/undefined
	Autocommit mode: undefined/unknown
	Isolation level: REPEATABLE_READ [default REPEATABLE_READ]
	JDBC fetch size: none
	Pool: DataSourceConnectionProvider
	Minimum pool size: undefined/unknown
	Maximum pool size: undefined/unknown
21:09:04 INFO  HHH000489: No JTA platform available (set 'hibernate.transaction.jta.platform' to enable JTA platform integration)
21:09:04 INFO  Initialized JPA EntityManagerFactory for persistence unit 'default'
21:09:04 INFO  Hibernate is in classpath; If applicable, HQL parser will be used.
21:09:06 WARN  spring.jpa.open-in-view is enabled by default. Therefore, database queries may be performed during view rendering. Explicitly configure spring.jpa.open-in-view to disable this warning
21:09:07 WARN  

Using generated security password: 8112b864-0894-4318-8338-229794a632db

This generated password is for development use only. Your security configuration must be updated before running your application in production.

21:09:07 INFO  Global AuthenticationManager configured with UserDetailsService bean with name inMemoryUserDetailsManager
21:09:09 INFO  Exposing 3 endpoints beneath base path '/actuator'
21:09:09 INFO  Tomcat started on port 8086 (http) with context path '/'
21:09:09 INFO  Started MsMarcasApplication in 32.787 seconds (process running for 35.22)
21:09:09 INFO  Cargando datos de prueba para ms-marcas...
21:09:11 INFO  La base de datos de marcas ya contiene datos. Omitiendo.
21:09:11 WARN  SpringDoc /v3/api-docs endpoint is enabled by default. To disable it in production, set the property 'springdoc.api-docs.enabled=false'
21:09:11 WARN  SpringDoc /swagger-ui.html endpoint is enabled by default. To disable it in production, set the property 'springdoc.swagger-ui.enabled=false'
21:14:43 INFO  Initializing Spring DispatcherServlet 'dispatcherServlet'
21:14:43 INFO  Initializing Servlet 'dispatcherServlet'
21:14:43 INFO  Completed initialization in 1 ms
