21:08:55 INFO  Starting MsUsuariosApplication using Java 21.0.9 with PID 21552 (C:\Users\ariel\Desktop\ms-ferreteria\ms_usuarios\target\classes started by ariel in C:\Users\ariel\Desktop\ms-ferreteria\ms_usuarios)
21:08:55 INFO  The following 1 profile is active: "dev"
21:09:01 INFO  Bootstrapping Spring Data JPA repositories in DEFAULT mode.
21:09:01 INFO  Finished Spring Data repository scanning in 250 ms. Found 3 JPA repository interfaces.
21:09:03 INFO  BeanFactory id=8498f190-5dad-302c-ae5c-85598c91ec8d
21:09:04 INFO  Tomcat initialized with port 8082 (http)
21:09:04 INFO  Starting service [Tomcat]
21:09:04 INFO  Starting Servlet engine: [Apache Tomcat/11.0.21]
21:09:04 INFO  Root WebApplicationContext: initialization completed in 9441 ms
21:09:05 INFO  HHH008540: Processing PersistenceUnitInfo [name: default]
21:09:05 INFO  HHH000001: Hibernate ORM core version 7.2.12.Final
21:09:08 INFO  No LoadTimeWeaver setup: ignoring JPA class transformer
21:09:08 INFO  HikariPool-1 - Starting...
21:09:08 INFO  HikariPool-1 - Added connection com.mysql.cj.jdbc.ConnectionImpl@4d71ec5b
21:09:08 INFO  HikariPool-1 - Start completed.
21:09:09 WARN  HHH000511: The 5.5.5 version for [org.hibernate.dialect.MySQLDialect] is no longer supported, hence certain features may not work properly.The minimum supported version is 8.0.0. Check the community dialects project for available legacy versions.
21:09:09 INFO  HHH10001005: Database info:
	Database JDBC URL [jdbc:mysql://localhost:3306/ferrefixusr?createDatabaseIfNotExist=true]
	Database driver: MySQL Connector/J
	Database dialect: MySQLDialect
	Database version: 5.5.5
	Default catalog/schema: ferrefixusr/undefined
	Autocommit mode: undefined/unknown
	Isolation level: REPEATABLE_READ [default REPEATABLE_READ]
	JDBC fetch size: none
	Pool: DataSourceConnectionProvider
	Minimum pool size: undefined/unknown
	Maximum pool size: undefined/unknown
21:09:12 INFO  HHH000489: No JTA platform available (set 'hibernate.transaction.jta.platform' to enable JTA platform integration)
21:09:12 INFO  Initialized JPA EntityManagerFactory for persistence unit 'default'
21:09:12 INFO  Hibernate is in classpath; If applicable, HQL parser will be used.
21:09:13 WARN  spring.jpa.open-in-view is enabled by default. Therefore, database queries may be performed during view rendering. Explicitly configure spring.jpa.open-in-view to disable this warning
21:09:16 INFO  Reading from ferrefixusr.databasechangelog
21:09:16 INFO  Database is up to date, no changesets to execute
21:09:16 INFO  Reading from ferrefixusr.databasechangelog
21:09:16 INFO  UPDATE SUMMARY
21:09:16 INFO  Run:                          0
21:09:16 INFO  Previously run:               4
21:09:16 INFO  Filtered out:                 0
21:09:16 INFO  -------------------------------
21:09:16 INFO  Total change sets:            4
21:09:16 INFO  Update summary generated
21:09:16 INFO  Command execution complete
21:09:16 WARN  

Using generated security password: a3698313-32be-479c-9658-3b6e90c9deb7

This generated password is for development use only. Your security configuration must be updated before running your application in production.

21:09:16 INFO  Global AuthenticationManager configured with UserDetailsService bean with name inMemoryUserDetailsManager
21:09:18 INFO  Exposing 3 endpoints beneath base path '/actuator'
21:09:18 INFO  Tomcat started on port 8082 (http) with context path '/'
21:09:18 INFO  Started MsUsuariosApplication in 30.416 seconds (process running for 39.763)
21:09:18 WARN  SpringDoc /v3/api-docs endpoint is enabled by default. To disable it in production, set the property 'springdoc.api-docs.enabled=false'
21:09:18 WARN  SpringDoc /swagger-ui.html endpoint is enabled by default. To disable it in production, set the property 'springdoc.swagger-ui.enabled=false'
21:10:27 INFO  Initializing Spring DispatcherServlet 'dispatcherServlet'
21:10:27 INFO  Initializing Servlet 'dispatcherServlet'
21:10:27 INFO  Completed initialization in 6 ms
21:10:27 INFO  GET /api/usuarios/cargos - Solicitud para listar todos los cargos
21:10:27 INFO  Iniciando búsqueda de todos los cargos
21:10:27 INFO  Búsqueda completada. Total de cargos encontrados: 5
21:10:27 INFO  GET /api/usuarios/cargos - Listado enviado con éxito. Respondiendo 200 OK
21:10:37 INFO  POST /api/usuarios/cargos - Solicitud para crear cargo: 'Supervisor de Sucursal'
21:10:37 INFO  Iniciando creación de cargo: 'Supervisor de Sucursal'
21:10:37 INFO  Cargo creado exitosamente con ID: 6
21:10:37 INFO  POST /api/usuarios/cargos - Cargo creado exitosamente. Respondiendo 201 CREATED
21:16:09 ERROR 500 Internal Error | path: /api/usuarios/clientes/12345678 | causa: No static resource api/usuarios/clientes/12345678 for request '/api/usuarios/clientes/12345678'.
org.springframework.web.servlet.resource.NoResourceFoundException: No static resource api/usuarios/clientes/12345678 for request '/api/usuarios/clientes/12345678'.
	at org.springframework.web.servlet.resource.ResourceHttpRequestHandler.handleRequest(ResourceHttpRequestHandler.java:526)
	at org.springframework.web.servlet.mvc.HttpRequestHandlerAdapter.handle(HttpRequestHandlerAdapter.java:50)
	at org.springframework.web.servlet.DispatcherServlet.doDispatch(DispatcherServlet.java:963)
	at org.springframework.web.servlet.DispatcherServlet.doService(DispatcherServlet.java:866)
	at org.springframework.web.servlet.FrameworkServlet.processRequest(FrameworkServlet.java:1000)
	at org.springframework.web.servlet.FrameworkServlet.doGet(FrameworkServlet.java:892)
	at jakarta.servlet.http.HttpServlet.service(HttpServlet.java:622)
	at org.springframework.web.servlet.FrameworkServlet.service(FrameworkServlet.java:874)
	at jakarta.servlet.http.HttpServlet.service(HttpServlet.java:710)
	at org.apache.catalina.core.ApplicationFilterChain.doFilter(ApplicationFilterChain.java:128)
	at org.apache.tomcat.websocket.server.WsFilter.doFilter(WsFilter.java:53)
	at org.apache.catalina.core.ApplicationFilterChain.doFilter(ApplicationFilterChain.java:107)
	at org.springframework.web.filter.CompositeFilter$VirtualFilterChain.doFilter(CompositeFilter.java:108)
	at org.springframework.security.web.FilterChainProxy.lambda$doFilterInternal$3(FilterChainProxy.java:235)
	at org.springframework.security.web.ObservationFilterChainDecorator$FilterObservation$SimpleFilterObservation.lambda$wrap$1(ObservationFilterChainDecorator.java:493)
	at org.springframework.security.web.ObservationFilterChainDecorator$AroundFilterObservation$SimpleAroundFilterObservation.lambda$wrap$1(ObservationFilterChainDecorator.java:354)
	at org.springframework.security.web.ObservationFilterChainDecorator.lambda$wrapSecured$0(ObservationFilterChainDecorator.java:86)
	at org.springframework.security.web.ObservationFilterChainDecorator$VirtualFilterChain.doFilter(ObservationFilterChainDecorator.java:132)
	at org.springframework.security.web.access.intercept.AuthorizationFilter.doFilter(AuthorizationFilter.java:101)
	at org.springframework.security.web.ObservationFilterChainDecorator$ObservationFilter.wrapFilter(ObservationFilterChainDecorator.java:244)
	at org.springframework.security.web.ObservationFilterChainDecorator$ObservationFilter.doFilter(ObservationFilterChainDecorator.java:231)
	at org.springframework.security.web.ObservationFilterChainDecorator$VirtualFilterChain.doFilter(ObservationFilterChainDecorator.java:141)
	at org.springframework.security.web.access.ExceptionTranslationFilter.doFilter(ExceptionTranslationFilter.java:126)
	at org.springframework.security.web.access.ExceptionTranslationFilter.doFilter(ExceptionTranslationFilter.java:120)
	at org.springframework.security.web.ObservationFilterChainDecorator$ObservationFilter.wrapFilter(ObservationFilterChainDecorator.java:244)
	at org.springframework.security.web.ObservationFilterChainDecorator$ObservationFilter.doFilter(ObservationFilterChainDecorator.java:231)
	at org.springframework.security.web.ObservationFilterChainDecorator$VirtualFilterChain.doFilter(ObservationFilterChainDecorator.java:141)
	at org.springframework.security.web.authentication.AnonymousAuthenticationFilter.doFilter(AnonymousAuthenticationFilter.java:100)
	at org.springframework.security.web.ObservationFilterChainDecorator$ObservationFilter.wrapFilter(ObservationFilterChainDecorator.java:244)
	at org.springframework.security.web.ObservationFilterChainDecorator$ObservationFilter.doFilter(ObservationFilterChainDecorator.java:231)
	at org.springframework.security.web.ObservationFilterChainDecorator$VirtualFilterChain.doFilter(ObservationFilterChainDecorator.java:141)
	at org.springframework.security.web.servletapi.SecurityContextHolderAwareRequestFilter.doFilter(SecurityContextHolderAwareRequestFilter.java:181)
	at org.springframework.security.web.ObservationFilterChainDecorator$ObservationFilter.wrapFilter(ObservationFilterChainDecorator.java:244)
	at org.springframework.security.web.ObservationFilterChainDecorator$ObservationFilter.doFilter(ObservationFilterChainDecorator.java:231)
	at org.springframework.security.web.ObservationFilterChainDecorator$VirtualFilterChain.doFilter(ObservationFilterChainDecorator.java:141)
	at org.springframework.security.web.savedrequest.RequestCacheAwareFilter.doFilter(RequestCacheAwareFilter.java:63)
	at org.springframework.security.web.ObservationFilterChainDecorator$ObservationFilter.wrapFilter(ObservationFilterChainDecorator.java:244)
	at org.springframework.security.web.ObservationFilterChainDecorator$ObservationFilter.doFilter(ObservationFilterChainDecorator.java:231)
	at org.springframework.security.web.ObservationFilterChainDecorator$VirtualFilterChain.doFilter(ObservationFilterChainDecorator.java:141)
	at org.springframework.security.web.authentication.logout.LogoutFilter.doFilter(LogoutFilter.java:110)
	at org.springframework.security.web.authentication.logout.LogoutFilter.doFilter(LogoutFilter.java:96)
	at org.springframework.security.web.ObservationFilterChainDecorator$ObservationFilter.wrapFilter(ObservationFilterChainDecorator.java:244)
	at org.springframework.security.web.ObservationFilterChainDecorator$ObservationFilter.doFilter(ObservationFilterChainDecorator.java:231)
	at org.springframework.security.web.ObservationFilterChainDecorator$VirtualFilterChain.doFilter(ObservationFilterChainDecorator.java:141)
	at org.springframework.security.web.header.HeaderWriterFilter.doHeadersAfter(HeaderWriterFilter.java:90)
	at org.springframework.security.web.header.HeaderWriterFilter.doFilterInternal(HeaderWriterFilter.java:75)
	at org.springframework.web.filter.OncePerRequestFilter.doFilter(OncePerRequestFilter.java:116)
	at org.springframework.security.web.ObservationFilterChainDecorator$ObservationFilter.wrapFilter(ObservationFilterChainDecorator.java:244)
	at org.springframework.security.web.ObservationFilterChainDecorator$ObservationFilter.doFilter(ObservationFilterChainDecorator.java:231)
	at org.springframework.security.web.ObservationFilterChainDecorator$VirtualFilterChain.doFilter(ObservationFilterChainDecorator.java:141)
	at org.springframework.security.web.context.SecurityContextHolderFilter.doFilter(SecurityContextHolderFilter.java:82)
	at org.springframework.security.web.context.SecurityContextHolderFilter.doFilter(SecurityContextHolderFilter.java:69)
	at org.springframework.security.web.ObservationFilterChainDecorator$ObservationFilter.wrapFilter(ObservationFilterChainDecorator.java:244)
	at org.springframework.security.web.ObservationFilterChainDecorator$ObservationFilter.doFilter(ObservationFilterChainDecorator.java:231)
	at org.springframework.security.web.ObservationFilterChainDecorator$VirtualFilterChain.doFilter(ObservationFilterChainDecorator.java:141)
	at org.springframework.security.web.context.request.async.WebAsyncManagerIntegrationFilter.doFilterInternal(WebAsyncManagerIntegrationFilter.java:62)
	at org.springframework.web.filter.OncePerRequestFilter.doFilter(OncePerRequestFilter.java:116)
	at org.springframework.security.web.ObservationFilterChainDecorator$ObservationFilter.wrapFilter(ObservationFilterChainDecorator.java:244)
	at org.springframework.security.web.ObservationFilterChainDecorator$ObservationFilter.doFilter(ObservationFilterChainDecorator.java:231)
	at org.springframework.security.web.ObservationFilterChainDecorator$VirtualFilterChain.doFilter(ObservationFilterChainDecorator.java:141)
	at org.springframework.security.web.session.DisableEncodeUrlFilter.doFilterInternal(DisableEncodeUrlFilter.java:42)
	at org.springframework.web.filter.OncePerRequestFilter.doFilter(OncePerRequestFilter.java:116)
	at org.springframework.security.web.ObservationFilterChainDecorator$ObservationFilter.wrapFilter(ObservationFilterChainDecorator.java:244)
	at org.springframework.security.web.ObservationFilterChainDecorator$AroundFilterObservation$SimpleAroundFilterObservation.lambda$wrap$0(ObservationFilterChainDecorator.java:337)
	at org.springframework.security.web.ObservationFilterChainDecorator$ObservationFilter.doFilter(ObservationFilterChainDecorator.java:228)
	at org.springframework.security.web.ObservationFilterChainDecorator$VirtualFilterChain.doFilter(ObservationFilterChainDecorator.java:141)
	at org.springframework.security.web.FilterChainProxy.doFilterInternal(FilterChainProxy.java:237)
	at org.springframework.security.web.FilterChainProxy.doFilter(FilterChainProxy.java:195)
	at org.springframework.web.filter.CompositeFilter$VirtualFilterChain.doFilter(CompositeFilter.java:113)
	at org.springframework.web.filter.ServletRequestPathFilter.doFilter(ServletRequestPathFilter.java:52)
	at org.springframework.web.filter.CompositeFilter$VirtualFilterChain.doFilter(CompositeFilter.java:113)
	at org.springframework.web.filter.CompositeFilter.doFilter(CompositeFilter.java:74)
	at org.springframework.security.config.annotation.web.configuration.WebSecurityConfiguration$CompositeFilterChainProxy.doFilter(WebSecurityConfiguration.java:317)
	at org.springframework.web.filter.DelegatingFilterProxy.invokeDelegate(DelegatingFilterProxy.java:355)
	at org.springframework.web.filter.DelegatingFilterProxy.doFilter(DelegatingFilterProxy.java:272)
	at org.apache.catalina.core.ApplicationFilterChain.doFilter(ApplicationFilterChain.java:107)
	at org.springframework.web.filter.RequestContextFilter.doFilterInternal(RequestContextFilter.java:100)
	at org.springframework.web.filter.OncePerRequestFilter.doFilter(OncePerRequestFilter.java:116)
	at org.apache.catalina.core.ApplicationFilterChain.doFilter(ApplicationFilterChain.java:107)
	at org.springframework.web.filter.FormContentFilter.doFilterInternal(FormContentFilter.java:93)
	at org.springframework.web.filter.OncePerRequestFilter.doFilter(OncePerRequestFilter.java:116)
	at org.apache.catalina.core.ApplicationFilterChain.doFilter(ApplicationFilterChain.java:107)
	at org.springframework.web.filter.ServerHttpObservationFilter.doFilterInternal(ServerHttpObservationFilter.java:110)
	at org.springframework.web.filter.OncePerRequestFilter.doFilter(OncePerRequestFilter.java:116)
	at org.apache.catalina.core.ApplicationFilterChain.doFilter(ApplicationFilterChain.java:107)
	at org.springframework.web.filter.CharacterEncodingFilter.doFilterInternal(CharacterEncodingFilter.java:199)
	at org.springframework.web.filter.OncePerRequestFilter.doFilter(OncePerRequestFilter.java:116)
	at org.apache.catalina.core.ApplicationFilterChain.doFilter(ApplicationFilterChain.java:107)
	at org.apache.catalina.core.StandardWrapperValve.invoke(StandardWrapperValve.java:165)
	at org.apache.catalina.core.StandardContextValve.invoke(StandardContextValve.java:77)
	at org.apache.catalina.authenticator.AuthenticatorBase.invoke(AuthenticatorBase.java:492)
	at org.apache.catalina.core.StandardHostValve.invoke(StandardHostValve.java:113)
	at org.apache.catalina.valves.ErrorReportValve.invoke(ErrorReportValve.java:83)
	at org.apache.catalina.core.StandardEngineValve.invoke(StandardEngineValve.java:72)
	at org.apache.catalina.connector.CoyoteAdapter.service(CoyoteAdapter.java:341)
	at org.apache.coyote.http11.Http11Processor.service(Http11Processor.java:397)
	at org.apache.coyote.AbstractProcessorLight.process(AbstractProcessorLight.java:63)
	at org.apache.coyote.AbstractProtocol$ConnectionHandler.process(AbstractProtocol.java:903)
	at org.apache.tomcat.util.net.NioEndpoint$SocketProcessor.doRun(NioEndpoint.java:1801)
	at org.apache.tomcat.util.net.SocketProcessorBase.run(SocketProcessorBase.java:52)
	at org.apache.tomcat.util.threads.ThreadPoolExecutor.runWorker(ThreadPoolExecutor.java:946)
	at org.apache.tomcat.util.threads.ThreadPoolExecutor$Worker.run(ThreadPoolExecutor.java:480)
	at org.apache.tomcat.util.threads.TaskThread$WrappingRunnable.run(TaskThread.java:57)
	at java.base/java.lang.Thread.run(Thread.java:1583)
21:16:15 INFO  GET /api/usuarios/cargos - Solicitud para listar todos los cargos
21:16:15 INFO  Iniciando búsqueda de todos los cargos
21:16:15 INFO  Búsqueda completada. Total de cargos encontrados: 6
21:16:15 INFO  GET /api/usuarios/cargos - Listado enviado con éxito. Respondiendo 200 OK
21:16:15 INFO  GET /api/usuarios/cargos/1 - Solicitud para buscar cargo por ID
21:16:15 INFO  Buscando cargo con ID: 1
21:16:15 INFO  GET /api/usuarios/cargos/1 - Cargo encontrado. Respondiendo 200 OK
21:16:15 INFO  POST /api/usuarios/cargos - Solicitud para crear cargo: 'Supervisor de Sucursal'
21:16:15 INFO  Iniciando creación de cargo: 'Supervisor de Sucursal'
21:16:15 WARN  Conflicto al crear: El cargo 'Supervisor de Sucursal' ya existe
21:16:15 WARN  400 Bad Request: El cargo 'Supervisor de Sucursal' ya existe | path: /api/usuarios/cargos
21:16:15 INFO  PUT /api/usuarios/cargos/5 - Solicitud para actualizar cargo
21:16:15 INFO  Iniciando actualización de cargo con ID: 5
21:16:15 INFO  Cargo con ID 5 actualizado exitosamente
21:16:15 INFO  PUT /api/usuarios/cargos/5 - Cargo actualizado. Respondiendo 200 OK
21:16:15 INFO  DELETE /api/usuarios/cargos/6 - Solicitud para eliminar cargo
21:16:15 INFO  Iniciando eliminación de cargo con ID: 6
21:16:15 INFO  Cargo con ID 6 eliminado exitosamente
21:16:15 INFO  DELETE /api/usuarios/cargos/6 - Cargo eliminado. Respondiendo 204 NO CONTENT
21:16:15 WARN  400 Validation: {nombreCargo=El nombre del cargo no puede estar vacío} | path: /api/usuarios/cargos
21:16:15 INFO  GET /api/usuarios/clientes - Listando todos los clientes
21:16:15 INFO  Iniciando búsqueda de todos los clientes
21:16:16 WARN  Direccion ID 15 no fue encontrada para el cliente RUN 25555555
21:16:16 INFO  GET /api/usuarios/clientes - 16 registros. Respondiendo 200 OK
21:16:16 INFO  GET /api/usuarios/clientes/run/11111111-1 - Buscando cliente
21:16:16 INFO  Buscando cliente por RUN: 11111111
21:16:16 INFO  GET /api/usuarios/clientes/run/11111111-1 - Encontrado. Respondiendo 200 OK
21:16:16 INFO  GET /api/usuarios/clientes/run/66666666-6 - Buscando cliente
21:16:16 INFO  Buscando cliente por RUN: 66666666
21:16:16 INFO  GET /api/usuarios/clientes/run/66666666-6 - Encontrado. Respondiendo 200 OK
21:16:16 INFO  POST /api/usuarios/clientes - RUT: 21687838-8
21:16:16 INFO  Iniciando creación de cliente RUT: 21687838-8
21:16:16 INFO  Cliente RUN 21687838 creado exitosamente
21:16:16 INFO  POST /api/usuarios/clientes - Cliente creado. Respondiendo 201 CREATED
21:16:16 INFO  POST /api/usuarios/clientes - RUT: 27222333-4
21:16:16 INFO  Iniciando creación de cliente RUT: 27222333-4
21:16:16 WARN  RUT inválido recibido: 27222333-4
21:16:16 WARN  400 Bad Request: El RUT ingresado no es válido: 27222333-4 | path: /api/usuarios/clientes
21:16:16 WARN  RUN inválido en ruta cliente: 12222222-2
21:16:16 WARN  400 Bad Request: El RUN de la ruta debe incluir DV y ser válido. | path: /api/usuarios/clientes/run/12222222-2
21:16:16 WARN  RUN inválido en ruta cliente: 27222333-4
21:16:16 WARN  400 Bad Request: El RUN de la ruta debe incluir DV y ser válido. | path: /api/usuarios/clientes/run/27222333-4
21:16:16 WARN  RUN inválido en ruta cliente: 12345678
21:16:16 WARN  400 Bad Request: El RUN de la ruta debe incluir DV y ser válido. | path: /api/usuarios/clientes/run/12345678
21:16:16 WARN  400 Validation: {emailCliente=El email debe tener un formato válido} | path: /api/usuarios/clientes
21:16:16 WARN  400 Validation: {telefonoCliente=El teléfono debe tener exactamente 9 dígitos} | path: /api/usuarios/clientes
21:16:16 INFO  GET /api/usuarios/empleados - Listando todos los empleados
21:16:16 INFO  Consultando la lista de todos los empleados
21:16:16 INFO  Consulta exitosa. Total empleados: 5
21:16:16 INFO  GET /api/usuarios/empleados - 5 registros. Respondiendo 200 OK
21:16:16 INFO  GET /api/usuarios/empleados/run/13444555-6 - Buscando empleado
21:16:16 INFO  Buscando empleado por RUN: 13444555
21:16:16 INFO  GET /api/usuarios/empleados/run/13444555-6 - Encontrado. Respondiendo 200 OK
21:16:16 INFO  POST /api/usuarios/empleados - RUT: 22169412-0
21:16:16 INFO  Iniciando creación de empleado RUT: 22169412-0
21:16:16 INFO  Empleado RUN 22169412 creado exitosamente
21:16:16 INFO  POST /api/usuarios/empleados - Empleado registrado. Respondiendo 201 CREATED
21:16:16 INFO  POST /api/usuarios/empleados - RUT: 31222333-4
21:16:16 INFO  Iniciando creación de empleado RUT: 31222333-4
21:16:16 WARN  RUT inválido recibido: 31222333-4
21:16:16 WARN  400 Bad Request: El RUT ingresado no es válido: 31222333-4 | path: /api/usuarios/empleados
21:16:16 WARN  RUN inválido en ruta empleado: 18555666-7
21:16:16 WARN  400 Bad Request: El RUN de la ruta debe incluir DV y ser válido. | path: /api/usuarios/empleados/run/18555666-7
21:16:16 WARN  RUN inválido en ruta empleado: 31222333-4
21:16:16 WARN  400 Bad Request: El RUN de la ruta debe incluir DV y ser válido. | path: /api/usuarios/empleados/run/31222333-4
21:16:16 WARN  400 Validation: {sueldoBaseEmpleado=El sueldo no puede ser negativo} | path: /api/usuarios/empleados
21:16:16 WARN  400 Validation: {telefonoEmpleado=El teléfono del empleado debe tener exactamente 9 dígitos} | path: /api/usuarios/empleados
21:16:17 INFO  GET /api/usuarios/clientes/run/21687838-8 - Buscando cliente
21:16:17 INFO  Buscando cliente por RUN: 21687838
21:16:18 INFO  GET /api/usuarios/clientes/run/21687838-8 - Encontrado. Respondiendo 200 OK
21:16:18 INFO  GET /api/usuarios/empleados/run/22169412-0 - Buscando empleado
21:16:18 INFO  Buscando empleado por RUN: 22169412
21:16:18 INFO  GET /api/usuarios/empleados/run/22169412-0 - Encontrado. Respondiendo 200 OK
21:16:18 INFO  GET /api/usuarios/clientes/run/66666666-6 - Buscando cliente
21:16:18 INFO  Buscando cliente por RUN: 66666666
21:16:18 INFO  GET /api/usuarios/clientes/run/66666666-6 - Encontrado. Respondiendo 200 OK
21:16:18 INFO  GET /api/usuarios/empleados/run/13444555-6 - Buscando empleado
21:16:18 INFO  Buscando empleado por RUN: 13444555
21:16:18 INFO  GET /api/usuarios/empleados/run/13444555-6 - Encontrado. Respondiendo 200 OK
21:16:18 WARN  RUN inválido en ruta cliente: 14444444-4
21:16:18 WARN  400 Bad Request: El RUN de la ruta debe incluir DV y ser válido. | path: /api/usuarios/clientes/run/14444444-4
21:16:18 WARN  RUN inválido en ruta cliente: 11111111
21:16:18 WARN  400 Bad Request: El RUN de la ruta debe incluir DV y ser válido. | path: /api/usuarios/clientes/run/11111111
