21:08:56 INFO  Starting MsInventorarioApplication using Java 21.0.9 with PID 24476 (C:\Users\ariel\Desktop\ms-ferreteria\ms_inventario\target\classes started by ariel in C:\Users\ariel\Desktop\ms-ferreteria\ms_inventario)
21:08:56 INFO  The following 1 profile is active: "dev"
21:09:05 INFO  Bootstrapping Spring Data JPA repositories in DEFAULT mode.
21:09:05 INFO  Finished Spring Data repository scanning in 288 ms. Found 3 JPA repository interfaces.
21:09:06 INFO  BeanFactory id=baa571a9-0268-30e2-9934-d3af58b39792
21:09:08 INFO  Tomcat initialized with port 8081 (http)
21:09:08 INFO  Starting service [Tomcat]
21:09:08 INFO  Starting Servlet engine: [Apache Tomcat/11.0.21]
21:09:08 INFO  Root WebApplicationContext: initialization completed in 11321 ms
21:09:09 INFO  HHH008540: Processing PersistenceUnitInfo [name: default]
21:09:09 INFO  HHH000001: Hibernate ORM core version 7.2.12.Final
21:09:11 INFO  No LoadTimeWeaver setup: ignoring JPA class transformer
21:09:11 INFO  HikariPool-1 - Starting...
21:09:12 INFO  HikariPool-1 - Added connection com.mysql.cj.jdbc.ConnectionImpl@33563147
21:09:12 INFO  HikariPool-1 - Start completed.
21:09:12 WARN  HHH000511: The 5.5.5 version for [org.hibernate.dialect.MySQLDialect] is no longer supported, hence certain features may not work properly.The minimum supported version is 8.0.0. Check the community dialects project for available legacy versions.
21:09:12 INFO  HHH10001005: Database info:
	Database JDBC URL [jdbc:mysql://localhost:3306/ferrefixinv?createDatabaseIfNotExist=true]
	Database driver: MySQL Connector/J
	Database dialect: MySQLDialect
	Database version: 5.5.5
	Default catalog/schema: ferrefixinv/undefined
	Autocommit mode: undefined/unknown
	Isolation level: REPEATABLE_READ [default REPEATABLE_READ]
	JDBC fetch size: none
	Pool: DataSourceConnectionProvider
	Minimum pool size: undefined/unknown
	Maximum pool size: undefined/unknown
21:09:14 INFO  HHH000489: No JTA platform available (set 'hibernate.transaction.jta.platform' to enable JTA platform integration)
21:09:14 INFO  Initialized JPA EntityManagerFactory for persistence unit 'default'
21:09:15 INFO  Hibernate is in classpath; If applicable, HQL parser will be used.
21:09:18 INFO  Reading from ferrefixinv.databasechangelog
21:09:18 INFO  Database is up to date, no changesets to execute
21:09:18 INFO  Reading from ferrefixinv.databasechangelog
21:09:18 INFO  UPDATE SUMMARY
21:09:18 INFO  Run:                          0
21:09:18 INFO  Previously run:               6
21:09:18 INFO  Filtered out:                 0
21:09:18 INFO  -------------------------------
21:09:18 INFO  Total change sets:            6
21:09:18 INFO  Update summary generated
21:09:18 INFO  Command execution complete
21:09:18 WARN  spring.jpa.open-in-view is enabled by default. Therefore, database queries may be performed during view rendering. Explicitly configure spring.jpa.open-in-view to disable this warning
21:09:18 WARN  

Using generated security password: 0d0b22e4-1e2b-4179-9871-3ddf02958703

This generated password is for development use only. Your security configuration must be updated before running your application in production.

21:09:18 INFO  Global AuthenticationManager configured with UserDetailsService bean with name inMemoryUserDetailsManager
21:09:19 INFO  Exposing 3 endpoints beneath base path '/actuator'
21:09:19 INFO  Tomcat started on port 8081 (http) with context path '/'
21:09:19 INFO  Started MsInventorarioApplication in 25.122 seconds (process running for 26.834)
21:09:19 WARN  SpringDoc /v3/api-docs endpoint is enabled by default. To disable it in production, set the property 'springdoc.api-docs.enabled=false'
21:09:19 WARN  SpringDoc /swagger-ui.html endpoint is enabled by default. To disable it in production, set the property 'springdoc.swagger-ui.enabled=false'
21:11:02 INFO  Initializing Spring DispatcherServlet 'dispatcherServlet'
21:11:02 INFO  Initializing Servlet 'dispatcherServlet'
21:11:02 INFO  Completed initialization in 2 ms
21:11:02 INFO  GET /api/inventario/categorias - Listando todas las categorías
21:11:02 INFO  Listando todas las categorías de productos
21:11:02 INFO  Listado completado. Total: 15
21:11:02 INFO  GET /api/inventario/categorias - 15 registros. Respondiendo 200 OK
21:16:11 INFO  GET /api/inventario/categorias - Listando todas las categorías
21:16:11 INFO  Listando todas las categorías de productos
21:16:11 INFO  Listado completado. Total: 15
21:16:11 INFO  GET /api/inventario/categorias - 15 registros. Respondiendo 200 OK
21:16:11 INFO  GET /api/inventario/categorias/1 - Buscando categoría
21:16:11 INFO  Buscando categoría por ID: 1
21:16:11 INFO  Categoría ID 1 encontrada: 'Herramientas Eléctricas'
21:16:11 INFO  GET /api/inventario/categorias/1 - Encontrada. Respondiendo 200 OK
21:16:11 INFO  POST /api/inventario/categorias - Nombre: 'Equipos de Protección Personal'
21:16:11 INFO  Iniciando creación de categoría: 'Equipos de Protección Personal'
21:16:11 INFO  Categoría 'Equipos de Protección Personal' creada exitosamente con ID: 16
21:16:11 INFO  POST /api/inventario/categorias - Categoría creada ID: 16. Respondiendo 201 CREATED
21:16:11 INFO  PUT /api/inventario/categorias/15 - Actualizando categoría
21:16:11 INFO  Iniciando actualización de categoría ID: 15
21:16:11 INFO  Categoría ID 15 actualizada exitosamente a 'Iluminación LED y Eléctrica'
21:16:12 INFO  PUT /api/inventario/categorias/15 - Actualizada. Respondiendo 200 OK
21:16:12 INFO  DELETE /api/inventario/categorias/16 - Solicitud de eliminación
21:16:12 INFO  Iniciando eliminación de categoría ID: 16
21:16:12 INFO  Categoría ID 16 eliminada exitosamente
21:16:12 INFO  DELETE /api/inventario/categorias/16 - Eliminada. Respondiendo 204 NO CONTENT
21:16:12 WARN  400 Validation: {nombreCategoria=El nombre de la categoría del producto es obligatorio} | path: /api/inventario/categorias
21:16:12 INFO  GET /api/inventario/unidades_medida - Listando todas las unidades
21:16:12 INFO  Listando todas las unidades de medida
21:16:12 INFO  Listado completado. Total: 10
21:16:12 INFO  GET /api/inventario/unidades_medida - 10 registros. Respondiendo 200 OK
21:16:12 INFO  GET /api/inventario/unidades_medida/1 - Buscando unidad
21:16:12 INFO  Buscando unidad de medida por ID: 1
21:16:12 INFO  Unidad ID 1 encontrada: 'Unidad'
21:16:12 INFO  GET /api/inventario/unidades_medida/1 - Encontrada. Respondiendo 200 OK
21:16:12 INFO  POST /api/inventario/unidades_medida - Nombre: 'Rollo (50m)'
21:16:12 INFO  Iniciando creación de unidad de medida: 'Rollo (50m)'
21:16:12 INFO  Unidad 'Rollo (50m)' creada exitosamente con ID: 11
21:16:12 INFO  POST /api/inventario/unidades_medida - Unidad creada ID: 11. Respondiendo 201 CREATED
21:16:12 INFO  PUT /api/inventario/unidades_medida/10 - Actualizando unidad
21:16:12 INFO  Iniciando actualización de unidad de medida ID: 10
21:16:12 INFO  Unidad ID 10 actualizada exitosamente a 'Pack (6 Unidades)'
21:16:12 INFO  PUT /api/inventario/unidades_medida/10 - Actualizada. Respondiendo 200 OK
21:16:12 INFO  DELETE /api/inventario/unidades_medida/11 - Solicitud de eliminación
21:16:12 INFO  Iniciando eliminación de unidad de medida ID: 11
21:16:12 INFO  Unidad de medida ID 11 eliminada exitosamente
21:16:12 INFO  DELETE /api/inventario/unidades_medida/11 - Eliminada. Respondiendo 204 NO CONTENT
21:16:12 WARN  400 Validation: {nombreUnidadMedida=El nombre de la unidad de medida no puede estar vacío} | path: /api/inventario/unidades_medida
21:16:12 INFO  GET /api/inventario/productos - Listando todos los productos
21:16:12 INFO  Listando todos los productos del inventario
21:16:12 INFO  GET /api/inventario/productos - 30 registros. Respondiendo 200 OK
21:16:12 INFO  GET /api/inventario/productos/1 - Buscando producto
21:16:12 INFO  Buscando producto por ID: 1
21:16:12 INFO  GET /api/inventario/productos/1 - Encontrado. Respondiendo 200 OK
21:16:12 INFO  POST /api/inventario/productos - Nombre: 'Nivel de Burbuja Stanley 60cm' | código: 780123450099
21:16:12 INFO  Iniciando creación de producto: 'Nivel de Burbuja Stanley 60cm' con código: 780123450099
21:16:12 INFO  Producto 'Nivel de Burbuja Stanley 60cm' creado exitosamente con ID interno: 31
21:16:12 INFO  POST /api/inventario/productos - Producto creado ID: 31. Respondiendo 201 CREATED
21:16:12 INFO  PUT /api/inventario/productos/3 - Actualizando producto
21:16:12 INFO  Actualizando producto con ID: 3. Nuevo nombre: 'Martillo Carpintero Stanley 20oz Pro'
21:16:12 INFO  Producto ID 3 ('Martillo Carpintero Stanley 20oz Pro') actualizado correctamente
21:16:12 INFO  PUT /api/inventario/productos/3 - Actualizado. Respondiendo 200 OK
21:16:12 INFO  PATCH /api/inventario/productos/4/descontar-stock - Cantidad: 5
21:16:12 INFO  Descontando 5 unidades del producto ID: 4
21:16:12 INFO  Stock del producto ID 4 actualizado. Nuevo stock: 95
21:16:12 INFO  PATCH /api/inventario/productos/4 - Stock descontado exitosamente
21:16:12 INFO  DELETE /api/inventario/productos/31 - Solicitud de eliminación
21:16:12 INFO  Iniciando eliminación de producto con ID: 31
21:16:12 INFO  Producto con ID: 31 eliminado exitosamente
21:16:12 INFO  DELETE /api/inventario/productos/31 - Eliminado. Respondiendo 204 NO CONTENT
21:16:12 WARN  400 Validation: {stock=El stock del producto no puede ser negativo} | path: /api/inventario/productos
21:16:12 WARN  400 Validation: {codigoBarras=El código de barras del producto no puede exceder los 50 caracteres} | path: /api/inventario/productos
21:16:17 INFO  GET /api/inventario/productos/1 - Buscando producto
21:16:17 INFO  Buscando producto por ID: 1
21:16:17 INFO  GET /api/inventario/productos/1 - Encontrado. Respondiendo 200 OK
21:16:17 INFO  GET /api/inventario/productos/23 - Buscando producto
21:16:17 INFO  Buscando producto por ID: 23
21:16:17 INFO  GET /api/inventario/productos/23 - Encontrado. Respondiendo 200 OK
21:16:17 INFO  GET /api/inventario/productos/15 - Buscando producto
21:16:17 INFO  Buscando producto por ID: 15
21:16:17 INFO  GET /api/inventario/productos/15 - Encontrado. Respondiendo 200 OK
21:16:17 INFO  GET /api/inventario/productos/5 - Buscando producto
21:16:17 INFO  Buscando producto por ID: 5
21:16:17 INFO  GET /api/inventario/productos/5 - Encontrado. Respondiendo 200 OK
21:16:17 INFO  GET /api/inventario/productos/11 - Buscando producto
21:16:17 INFO  Buscando producto por ID: 11
21:16:17 INFO  GET /api/inventario/productos/11 - Encontrado. Respondiendo 200 OK
21:16:17 INFO  GET /api/inventario/productos/16 - Buscando producto
21:16:17 INFO  Buscando producto por ID: 16
21:16:17 INFO  GET /api/inventario/productos/16 - Encontrado. Respondiendo 200 OK
21:16:17 INFO  GET /api/inventario/productos/21 - Buscando producto
21:16:17 INFO  Buscando producto por ID: 21
21:16:17 INFO  GET /api/inventario/productos/21 - Encontrado. Respondiendo 200 OK
21:16:17 INFO  GET /api/inventario/productos/17 - Buscando producto
21:16:17 INFO  Buscando producto por ID: 17
21:16:17 INFO  GET /api/inventario/productos/17 - Encontrado. Respondiendo 200 OK
21:16:17 INFO  GET /api/inventario/productos/30 - Buscando producto
21:16:17 INFO  Buscando producto por ID: 30
21:16:17 INFO  GET /api/inventario/productos/30 - Encontrado. Respondiendo 200 OK
21:16:17 INFO  GET /api/inventario/productos/2 - Buscando producto
21:16:17 INFO  Buscando producto por ID: 2
21:16:17 INFO  GET /api/inventario/productos/2 - Encontrado. Respondiendo 200 OK
21:16:17 INFO  GET /api/inventario/productos/12 - Buscando producto
21:16:17 INFO  Buscando producto por ID: 12
21:16:17 INFO  GET /api/inventario/productos/12 - Encontrado. Respondiendo 200 OK
21:16:17 INFO  GET /api/inventario/productos/23 - Buscando producto
21:16:17 INFO  Buscando producto por ID: 23
21:16:17 INFO  GET /api/inventario/productos/23 - Encontrado. Respondiendo 200 OK
21:16:17 INFO  GET /api/inventario/productos/25 - Buscando producto
21:16:17 INFO  Buscando producto por ID: 25
21:16:17 INFO  GET /api/inventario/productos/25 - Encontrado. Respondiendo 200 OK
21:16:17 INFO  GET /api/inventario/productos/18 - Buscando producto
21:16:17 INFO  Buscando producto por ID: 18
21:16:17 INFO  GET /api/inventario/productos/18 - Encontrado. Respondiendo 200 OK
21:16:17 INFO  GET /api/inventario/productos/7 - Buscando producto
21:16:17 INFO  Buscando producto por ID: 7
21:16:17 INFO  GET /api/inventario/productos/7 - Encontrado. Respondiendo 200 OK
21:16:17 INFO  GET /api/inventario/productos/4 - Buscando producto
21:16:17 INFO  Buscando producto por ID: 4
21:16:17 INFO  GET /api/inventario/productos/4 - Encontrado. Respondiendo 200 OK
21:16:17 INFO  GET /api/inventario/productos/2 - Buscando producto
21:16:17 INFO  Buscando producto por ID: 2
21:16:17 INFO  GET /api/inventario/productos/2 - Encontrado. Respondiendo 200 OK
21:16:17 INFO  GET /api/inventario/productos/3 - Buscando producto
21:16:17 INFO  Buscando producto por ID: 3
21:16:17 INFO  GET /api/inventario/productos/3 - Encontrado. Respondiendo 200 OK
21:16:17 INFO  GET /api/inventario/productos/19 - Buscando producto
21:16:17 INFO  Buscando producto por ID: 19
21:16:17 INFO  GET /api/inventario/productos/19 - Encontrado. Respondiendo 200 OK
21:16:17 INFO  GET /api/inventario/productos/21 - Buscando producto
21:16:17 INFO  Buscando producto por ID: 21
21:16:17 INFO  GET /api/inventario/productos/21 - Encontrado. Respondiendo 200 OK
21:16:17 INFO  GET /api/inventario/productos/13 - Buscando producto
21:16:17 INFO  Buscando producto por ID: 13
21:16:17 INFO  GET /api/inventario/productos/13 - Encontrado. Respondiendo 200 OK
21:16:17 INFO  GET /api/inventario/productos/23 - Buscando producto
21:16:17 INFO  Buscando producto por ID: 23
21:16:17 INFO  GET /api/inventario/productos/23 - Encontrado. Respondiendo 200 OK
21:16:17 INFO  GET /api/inventario/productos/12 - Buscando producto
21:16:17 INFO  Buscando producto por ID: 12
21:16:17 INFO  GET /api/inventario/productos/12 - Encontrado. Respondiendo 200 OK
21:16:17 INFO  GET /api/inventario/productos/14 - Buscando producto
21:16:17 INFO  Buscando producto por ID: 14
21:16:17 INFO  GET /api/inventario/productos/14 - Encontrado. Respondiendo 200 OK
21:16:17 INFO  GET /api/inventario/productos/30 - Buscando producto
21:16:17 INFO  Buscando producto por ID: 30
21:16:17 INFO  GET /api/inventario/productos/30 - Encontrado. Respondiendo 200 OK
21:16:17 INFO  GET /api/inventario/productos/1 - Buscando producto
21:16:17 INFO  Buscando producto por ID: 1
21:16:17 INFO  GET /api/inventario/productos/1 - Encontrado. Respondiendo 200 OK
21:16:17 INFO  GET /api/inventario/productos/23 - Buscando producto
21:16:17 INFO  Buscando producto por ID: 23
21:16:17 INFO  GET /api/inventario/productos/23 - Encontrado. Respondiendo 200 OK
21:16:17 INFO  GET /api/inventario/productos/16 - Buscando producto
21:16:17 INFO  Buscando producto por ID: 16
21:16:17 INFO  GET /api/inventario/productos/16 - Encontrado. Respondiendo 200 OK
21:16:17 INFO  GET /api/inventario/productos/4 - Buscando producto
21:16:17 INFO  Buscando producto por ID: 4
21:16:17 INFO  GET /api/inventario/productos/4 - Encontrado. Respondiendo 200 OK
21:16:17 INFO  GET /api/inventario/productos/13 - Buscando producto
21:16:17 INFO  Buscando producto por ID: 13
21:16:17 INFO  GET /api/inventario/productos/13 - Encontrado. Respondiendo 200 OK
21:16:17 INFO  GET /api/inventario/productos/14 - Buscando producto
21:16:17 INFO  Buscando producto por ID: 14
21:16:17 INFO  GET /api/inventario/productos/14 - Encontrado. Respondiendo 200 OK
21:16:17 INFO  GET /api/inventario/productos/15 - Buscando producto
21:16:17 INFO  Buscando producto por ID: 15
21:16:17 INFO  GET /api/inventario/productos/15 - Encontrado. Respondiendo 200 OK
21:16:17 INFO  GET /api/inventario/productos/23 - Buscando producto
21:16:17 INFO  Buscando producto por ID: 23
21:16:17 INFO  GET /api/inventario/productos/23 - Encontrado. Respondiendo 200 OK
21:16:17 INFO  GET /api/inventario/productos/30 - Buscando producto
21:16:17 INFO  Buscando producto por ID: 30
21:16:17 INFO  GET /api/inventario/productos/30 - Encontrado. Respondiendo 200 OK
21:16:17 INFO  GET /api/inventario/productos/2 - Buscando producto
21:16:17 INFO  Buscando producto por ID: 2
21:16:17 INFO  GET /api/inventario/productos/2 - Encontrado. Respondiendo 200 OK
21:16:17 INFO  GET /api/inventario/productos/12 - Buscando producto
21:16:17 INFO  Buscando producto por ID: 12
21:16:17 INFO  GET /api/inventario/productos/12 - Encontrado. Respondiendo 200 OK
21:16:17 INFO  GET /api/inventario/productos/23 - Buscando producto
21:16:17 INFO  Buscando producto por ID: 23
21:16:17 INFO  GET /api/inventario/productos/23 - Encontrado. Respondiendo 200 OK
21:16:17 INFO  GET /api/inventario/productos/1 - Buscando producto
21:16:17 INFO  Buscando producto por ID: 1
21:16:17 INFO  GET /api/inventario/productos/1 - Encontrado. Respondiendo 200 OK
21:16:18 INFO  GET /api/inventario/productos/3 - Buscando producto
21:16:18 INFO  Buscando producto por ID: 3
21:16:18 INFO  GET /api/inventario/productos/3 - Encontrado. Respondiendo 200 OK
21:16:18 INFO  GET /api/inventario/productos/13 - Buscando producto
21:16:18 INFO  Buscando producto por ID: 13
21:16:18 INFO  GET /api/inventario/productos/13 - Encontrado. Respondiendo 200 OK
