21:08:56 INFO  Starting MsComprasApplication using Java 21.0.9 with PID 23468 (C:\Users\ariel\Desktop\ms-ferreteria\ms_compras\target\classes started by ariel in C:\Users\ariel\Desktop\ms-ferreteria\ms_compras)
21:08:56 INFO  The following 1 profile is active: "dev"
21:09:01 INFO  Bootstrapping Spring Data JPA repositories in DEFAULT mode.
21:09:01 INFO  Finished Spring Data repository scanning in 171 ms. Found 1 JPA repository interface.
21:09:03 INFO  BeanFactory id=6536a1c3-2420-3370-b87d-ef88a6c19d67
21:09:04 INFO  Tomcat initialized with port 8088 (http)
21:09:04 INFO  Starting service [Tomcat]
21:09:04 INFO  Starting Servlet engine: [Apache Tomcat/11.0.21]
21:09:04 INFO  Root WebApplicationContext: initialization completed in 7336 ms
21:09:05 INFO  HHH008540: Processing PersistenceUnitInfo [name: default]
21:09:05 INFO  HHH000001: Hibernate ORM core version 7.2.12.Final
21:09:07 INFO  No LoadTimeWeaver setup: ignoring JPA class transformer
21:09:07 INFO  HikariPool-1 - Starting...
21:09:07 INFO  HikariPool-1 - Added connection com.mysql.cj.jdbc.ConnectionImpl@6d035815
21:09:07 INFO  HikariPool-1 - Start completed.
21:09:07 WARN  HHH000511: The 5.5.5 version for [org.hibernate.dialect.MySQLDialect] is no longer supported, hence certain features may not work properly.The minimum supported version is 8.0.0. Check the community dialects project for available legacy versions.
21:09:07 INFO  HHH10001005: Database info:
	Database JDBC URL [jdbc:mysql://localhost:3306/ferrefixcompras?createDatabaseIfNotExist=true]
	Database driver: MySQL Connector/J
	Database dialect: MySQLDialect
	Database version: 5.5.5
	Default catalog/schema: ferrefixcompras/undefined
	Autocommit mode: undefined/unknown
	Isolation level: REPEATABLE_READ [default REPEATABLE_READ]
	JDBC fetch size: none
	Pool: DataSourceConnectionProvider
	Minimum pool size: undefined/unknown
	Maximum pool size: undefined/unknown
21:09:10 INFO  HHH000489: No JTA platform available (set 'hibernate.transaction.jta.platform' to enable JTA platform integration)
21:09:10 INFO  Initialized JPA EntityManagerFactory for persistence unit 'default'
21:09:11 INFO  Hibernate is in classpath; If applicable, HQL parser will be used.
21:09:11 WARN  spring.jpa.open-in-view is enabled by default. Therefore, database queries may be performed during view rendering. Explicitly configure spring.jpa.open-in-view to disable this warning
21:09:14 INFO  Reading from ferrefixcompras.databasechangelog
21:09:15 INFO  Database is up to date, no changesets to execute
21:09:15 INFO  Reading from ferrefixcompras.databasechangelog
21:09:15 INFO  UPDATE SUMMARY
21:09:15 INFO  Run:                          0
21:09:15 INFO  Previously run:               2
21:09:15 INFO  Filtered out:                 0
21:09:15 INFO  -------------------------------
21:09:15 INFO  Total change sets:            2
21:09:15 INFO  Update summary generated
21:09:15 INFO  Command execution complete
21:09:15 WARN  

Using generated security password: bb2f7de2-0180-4d3a-bc7b-86747047e54f

This generated password is for development use only. Your security configuration must be updated before running your application in production.

21:09:15 INFO  Global AuthenticationManager configured with UserDetailsService bean with name inMemoryUserDetailsManager
21:09:17 INFO  Exposing 3 endpoints beneath base path '/actuator'
21:09:17 INFO  Tomcat started on port 8088 (http) with context path '/'
21:09:17 INFO  Started MsComprasApplication in 22.174 seconds (process running for 23.91)
21:09:17 WARN  SpringDoc /v3/api-docs endpoint is enabled by default. To disable it in production, set the property 'springdoc.api-docs.enabled=false'
21:09:17 WARN  SpringDoc /swagger-ui.html endpoint is enabled by default. To disable it in production, set the property 'springdoc.swagger-ui.enabled=false'
21:14:42 INFO  Initializing Spring DispatcherServlet 'dispatcherServlet'
21:14:42 INFO  Initializing Servlet 'dispatcherServlet'
21:14:42 INFO  Completed initialization in 3 ms
21:14:43 WARN  400 - Cuerpo de la solicitud ilegible o malformado | path: /api/compras
21:16:09 INFO  Petición recibida: POST /api/compras
21:16:09 INFO  Iniciando creación de orden de compra para proveedor ID: 1
21:16:10 ERROR Error al validar proveedor vía Feign: [500 Internal Server Error] during [GET] to [http://localhost:8080/api/proveedores/existe/1] [ProveedorClient#existeProveedor(Integer)]: [{"timestamp":"2026-06-22T21:16:10","status":500,"error":"Internal Server Error","message":"Error interno inesperado. Contacte al administrador.","path":"/api/proveedores/existe/1"}]
21:16:10 WARN  400 - Bad request: Error de comunicación con el servicio de proveedores. | path: /api/compras
21:16:10 INFO  Petición recibida: PUT /api/compras/1/recibir
21:16:10 INFO  Iniciando recepción de mercancía para orden ID: 1
21:16:10 WARN  404 - Recurso no encontrado: Orden de compra no encontrada con ID: 1 | path: /api/compras/1/recibir
